// Jest Snapshot v1, https://goo.gl/fbAQLP

exports[`Prueba en <FirstApp/> debe hacer match con el snapshot 1`] = `
<div>
  <h1>
    Hola soy Fernando
  </h1>
  <p>
    Soy un subtitulo
  </p>
  <p>
    Cesar Fernando
  </p>
</div>
`;
