// Jest Snapshot v1, https://goo.gl/fbAQLP

exports[`Prueba en <FirstApp/> debe hacer match con el snapshot 1`] = `
<div>
  <div
    data-testid="test-title"
  >
    Hola soy Fernando
  </div>
  <p>
    Soy un subtitulo
  </p>
  <p>
    Soy un subtitulo
  </p>
  <p>
    Cesar Fernando
  </p>
</div>
`;
